[     176ms] [INFO] %cDownload the React DevTools for a better development experience: https://react.dev/link/react-devtools font-weight:bold @ http://localhost:3400/_next/static/chunks/0aq__next_dist_0maxcm2._.js:2477
[     228ms] [LOG] [HMR] connected @ http://localhost:3400/_next/static/chunks/0aq__next_dist_0maxcm2._.js:2477
[     272ms] [ERROR] Failed to load resource: the server responded with a status of 404 (Not Found) @ http://localhost:3400/favicon.ico:0
[   32083ms] [LOG] [Fast Refresh] rebuilding @ http://localhost:3400/_next/static/chunks/0aq__next_dist_0maxcm2._.js:2477
[   32144ms] [LOG] [Fast Refresh] done in 163ms @ http://localhost:3400/_next/static/chunks/0aq__next_dist_0maxcm2._.js:2477
[   55774ms] [LOG] [Fast Refresh] rebuilding @ http://localhost:3400/_next/static/chunks/0aq__next_dist_0maxcm2._.js:2477
[   55814ms] [LOG] [Fast Refresh] done in 141ms @ http://localhost:3400/_next/static/chunks/0aq__next_dist_0maxcm2._.js:2477
[   56826ms] [LOG] [Fast Refresh] rebuilding @ http://localhost:3400/_next/static/chunks/0aq__next_dist_0maxcm2._.js:2477
[   56837ms] [LOG] [Fast Refresh] done in 111ms @ http://localhost:3400/_next/static/chunks/0aq__next_dist_0maxcm2._.js:2477
[   56939ms] [LOG] [Fast Refresh] rebuilding @ http://localhost:3400/_next/static/chunks/0aq__next_dist_0maxcm2._.js:2477
[   56949ms] [LOG] [Fast Refresh] done in 110ms @ http://localhost:3400/_next/static/chunks/0aq__next_dist_0maxcm2._.js:2477
[   60566ms] [LOG] [Fast Refresh] rebuilding @ http://localhost:3400/_next/static/chunks/0aq__next_dist_0maxcm2._.js:2477
[   60574ms] [LOG] [Fast Refresh] done in 109ms @ http://localhost:3400/_next/static/chunks/0aq__next_dist_0maxcm2._.js:2477
[   60747ms] [LOG] [Fast Refresh] rebuilding @ http://localhost:3400/_next/static/chunks/0aq__next_dist_0maxcm2._.js:2477
[   60759ms] [LOG] [Fast Refresh] done in 113ms @ http://localhost:3400/_next/static/chunks/0aq__next_dist_0maxcm2._.js:2477
[   61603ms] [LOG] [Fast Refresh] rebuilding @ http://localhost:3400/_next/static/chunks/0aq__next_dist_0maxcm2._.js:2477
[   61655ms] [LOG] [Fast Refresh] done in 154ms @ http://localhost:3400/_next/static/chunks/0aq__next_dist_0maxcm2._.js:2477
[   67613ms] [LOG] [Fast Refresh] rebuilding @ http://localhost:3400/_next/static/chunks/0aq__next_dist_0maxcm2._.js:2477
[   67732ms] [LOG] [Fast Refresh] done in 220ms @ http://localhost:3400/_next/static/chunks/0aq__next_dist_0maxcm2._.js:2477
[   68211ms] [LOG] [Fast Refresh] rebuilding @ http://localhost:3400/_next/static/chunks/0aq__next_dist_0maxcm2._.js:2477
[   68273ms] [LOG] [Fast Refresh] done in 162ms @ http://localhost:3400/_next/static/chunks/0aq__next_dist_0maxcm2._.js:2477
[   68400ms] [LOG] [Fast Refresh] rebuilding @ http://localhost:3400/_next/static/chunks/0aq__next_dist_0maxcm2._.js:2477
[   68409ms] [LOG] [Fast Refresh] done in 109ms @ http://localhost:3400/_next/static/chunks/0aq__next_dist_0maxcm2._.js:2477
[   71532ms] [LOG] [Fast Refresh] rebuilding @ http://localhost:3400/_next/static/chunks/0aq__next_dist_0maxcm2._.js:2477
[   71542ms] [LOG] [Fast Refresh] done in 112ms @ http://localhost:3400/_next/static/chunks/0aq__next_dist_0maxcm2._.js:2477
[   72032ms] [LOG] [Fast Refresh] rebuilding @ http://localhost:3400/_next/static/chunks/0aq__next_dist_0maxcm2._.js:2477
[   72067ms] [LOG] [Fast Refresh] done in 136ms @ http://localhost:3400/_next/static/chunks/0aq__next_dist_0maxcm2._.js:2477
[  121591ms] [LOG] [Fast Refresh] rebuilding @ http://localhost:3400/_next/static/chunks/0aq__next_dist_0maxcm2._.js:2477
[  121803ms] [LOG] [Fast Refresh] done in 128ms @ http://localhost:3400/_next/static/chunks/0aq__next_dist_0maxcm2._.js:2477
[  121976ms] [LOG] [Fast Refresh] rebuilding @ http://localhost:3400/_next/static/chunks/0aq__next_dist_0maxcm2._.js:2477
[  121979ms] [LOG] [Fast Refresh] done in 105ms @ http://localhost:3400/_next/static/chunks/0aq__next_dist_0maxcm2._.js:2477
[  169044ms] [LOG] [Fast Refresh] rebuilding @ http://localhost:3400/_next/static/chunks/0aq__next_dist_0maxcm2._.js:2477
[  169085ms] [LOG] [Fast Refresh] done in 23ms @ http://localhost:3400/_next/static/chunks/0aq__next_dist_0maxcm2._.js:2477
[ 1024895ms] [LOG] [Fast Refresh] rebuilding @ http://localhost:3400/_next/static/chunks/0aq__next_dist_0maxcm2._.js:2477
[ 1024915ms] [LOG] [Fast Refresh] done in 122ms @ http://localhost:3400/_next/static/chunks/0aq__next_dist_0maxcm2._.js:2477
[ 1379221ms] [LOG] [Fast Refresh] rebuilding @ http://localhost:3400/_next/static/chunks/0aq__next_dist_0maxcm2._.js:2477
[ 1379242ms] [LOG] [Fast Refresh] done in 40ms @ http://localhost:3400/_next/static/chunks/0aq__next_dist_0maxcm2._.js:2477
[ 1395801ms] [LOG] [Fast Refresh] rebuilding @ http://localhost:3400/_next/static/chunks/0aq__next_dist_0maxcm2._.js:2477
[ 1395828ms] [LOG] [Fast Refresh] done in 22ms @ http://localhost:3400/_next/static/chunks/0aq__next_dist_0maxcm2._.js:2477
[ 1409672ms] [LOG] [Fast Refresh] rebuilding @ http://localhost:3400/_next/static/chunks/0aq__next_dist_0maxcm2._.js:2477
[ 1409689ms] ReferenceError: onTouchStart is not defined
    at BookViewer (http://localhost:3400/_next/static/chunks/web_095rao8._.js?id=%255Bproject%255D%252Fweb%252Fcomponents%252FBookViewer.tsx+%255Bapp-client%255D+%2528ecmascript%2529:136:23)
    at Object.react_stack_bottom_frame (http://localhost:3400/_next/static/chunks/0aq__next_dist_compiled_react-dom_0-72scy._.js:15037:24)
    at renderWithHooks (http://localhost:3400/_next/static/chunks/0aq__next_dist_compiled_react-dom_0-72scy._.js:4620:24)
    at updateFunctionComponent (http://localhost:3400/_next/static/chunks/0aq__next_dist_compiled_react-dom_0-72scy._.js:6081:21)
    at beginWork (http://localhost:3400/_next/static/chunks/0aq__next_dist_compiled_react-dom_0-72scy._.js:6691:24)
    at runWithFiberInDEV (http://localhost:3400/_next/static/chunks/0aq__next_dist_compiled_react-dom_0-72scy._.js:965:74)
    at performUnitOfWork (http://localhost:3400/_next/static/chunks/0aq__next_dist_compiled_react-dom_0-72scy._.js:9555:97)
    at workLoopSync (http://localhost:3400/_next/static/chunks/0aq__next_dist_compiled_react-dom_0-72scy._.js:9449:40)
    at renderRootSync (http://localhost:3400/_next/static/chunks/0aq__next_dist_compiled_react-dom_0-72scy._.js:9433:13)
    at performWorkOnRoot (http://localhost:3400/_next/static/chunks/0aq__next_dist_compiled_react-dom_0-72scy._.js:9098:47)
    at performSyncWorkOnRoot (http://localhost:3400/_next/static/chunks/0aq__next_dist_compiled_react-dom_0-72scy._.js:10263:9)
    at flushSyncWorkAcrossRoots_impl (http://localhost:3400/_next/static/chunks/0aq__next_dist_compiled_react-dom_0-72scy._.js:10179:316)
    at flushSyncWork$1 (http://localhost:3400/_next/static/chunks/0aq__next_dist_compiled_react-dom_0-72scy._.js:9230:86)
    at Object.scheduleRefresh (http://localhost:3400/_next/static/chunks/0aq__next_dist_compiled_react-dom_0-72scy._.js:299:13)
    at http://localhost:3400/_next/static/chunks/0aq__next_dist_compiled_0x9e1bc._.js:391:33
    at Set.forEach (<anonymous>)
    at Object.performReactRefresh (http://localhost:3400/_next/static/chunks/0aq__next_dist_compiled_0x9e1bc._.js:384:38)
    at applyUpdate (http://localhost:3400/_next/static/chunks/0aq__next_dist_compiled_0x9e1bc._.js:878:31)
    at http://localhost:3400/_next/static/chunks/0aq__next_dist_compiled_0x9e1bc._.js:886:13
[ 1409695ms] [LOG] [Fast Refresh] done in 69ms @ http://localhost:3400/_next/static/chunks/0aq__next_dist_0maxcm2._.js:2477
[ 1419583ms] [LOG] [Fast Refresh] rebuilding @ http://localhost:3400/_next/static/chunks/0aq__next_dist_0maxcm2._.js:2477
[ 1419585ms] [WARNING] [Fast Refresh] performing full reload because your application had an unrecoverable error @ http://localhost:3400/_next/static/chunks/0aq__next_dist_0maxcm2._.js:2477
[ 1419689ms] [LOG] [Fast Refresh] done in 59ms @ http://localhost:3400/_next/static/chunks/0aq__next_dist_0maxcm2._.js:2477
[ 1419735ms] [INFO] %cDownload the React DevTools for a better development experience: https://react.dev/link/react-devtools font-weight:bold @ http://localhost:3400/_next/static/chunks/0aq__next_dist_0maxcm2._.js:2477
[ 1419749ms] [LOG] [HMR] connected @ http://localhost:3400/_next/static/chunks/0aq__next_dist_0maxcm2._.js:2477
[ 1431831ms] [LOG] [Fast Refresh] rebuilding @ http://localhost:3400/_next/static/chunks/0aq__next_dist_0maxcm2._.js:2477
[ 1431860ms] [LOG] [Fast Refresh] done in 23ms @ http://localhost:3400/_next/static/chunks/0aq__next_dist_0maxcm2._.js:2477
[ 1439124ms] [LOG] [Fast Refresh] rebuilding @ http://localhost:3400/_next/static/chunks/0aq__next_dist_0maxcm2._.js:2477
[ 1439151ms] [LOG] [Fast Refresh] done in 22ms @ http://localhost:3400/_next/static/chunks/0aq__next_dist_0maxcm2._.js:2477
[ 1446902ms] [LOG] [Fast Refresh] rebuilding @ http://localhost:3400/_next/static/chunks/0aq__next_dist_0maxcm2._.js:2477
[ 1446928ms] [LOG] [Fast Refresh] done in 28ms @ http://localhost:3400/_next/static/chunks/0aq__next_dist_0maxcm2._.js:2477
[ 1465197ms] [LOG] [Fast Refresh] rebuilding @ http://localhost:3400/_next/static/chunks/0aq__next_dist_0maxcm2._.js:2477
[ 1465226ms] [LOG] [Fast Refresh] done in 15ms @ http://localhost:3400/_next/static/chunks/0aq__next_dist_0maxcm2._.js:2477
[ 1466400ms] [LOG] [Fast Refresh] rebuilding @ http://localhost:3400/_next/static/chunks/0aq__next_dist_0maxcm2._.js:2477
[ 1466427ms] [LOG] [Fast Refresh] done in 17ms @ http://localhost:3400/_next/static/chunks/0aq__next_dist_0maxcm2._.js:2477
[ 1622237ms] [LOG] [Fast Refresh] rebuilding @ http://localhost:3400/_next/static/chunks/0aq__next_dist_0maxcm2._.js:2477
[ 1622260ms] [LOG] [Fast Refresh] done in 34ms @ http://localhost:3400/_next/static/chunks/0aq__next_dist_0maxcm2._.js:2477
[ 1624730ms] [ERROR] WebSocket connection to 'ws://localhost:3400/_next/webpack-hmr?id=fM3YddhsYWJjRyaWV1bHY' failed:  @ http://localhost:3400/_next/static/chunks/0aq__next_dist_client_1wmznrf._.js:13422
[ 1625738ms] [ERROR] WebSocket connection to 'ws://localhost:3400/_next/webpack-hmr?id=fM3YddhsYWJjRyaWV1bHY' failed: Error in connection establishment: net::ERR_CONNECTION_REFUSED @ http://localhost:3400/_next/static/chunks/0aq__next_dist_client_1wmznrf._.js:13422
[ 1627129ms] [LOG] [HMR] connected @ http://localhost:3400/_next/static/chunks/0aq__next_dist_0maxcm2._.js:2477
[ 1627625ms] [INFO] %cDownload the React DevTools for a better development experience: https://react.dev/link/react-devtools font-weight:bold @ http://localhost:3400/_next/static/chunks/0aq__next_dist_0maxcm2._.js:2477
[ 1627638ms] [LOG] [HMR] connected @ http://localhost:3400/_next/static/chunks/0aq__next_dist_0maxcm2._.js:2477
[ 1784238ms] [ERROR] WebSocket connection to 'ws://localhost:3400/_next/webpack-hmr?id=sE0RznCyQjxpv1ALSYu78' failed: Error in connection establishment: net::ERR_CONNECTION_REFUSED @ http://localhost:3400/_next/static/chunks/0aq__next_dist_client_1wmznrf._.js:13422
[ 1785239ms] [ERROR] WebSocket connection to 'ws://localhost:3400/_next/webpack-hmr?id=sE0RznCyQjxpv1ALSYu78' failed: Error in connection establishment: net::ERR_CONNECTION_REFUSED @ http://localhost:3400/_next/static/chunks/0aq__next_dist_client_1wmznrf._.js:13422
[ 1786245ms] [LOG] [HMR] connected @ http://localhost:3400/_next/static/chunks/0aq__next_dist_0maxcm2._.js:2477
[ 1786553ms] [INFO] %cDownload the React DevTools for a better development experience: https://react.dev/link/react-devtools font-weight:bold @ http://localhost:3400/_next/static/chunks/0aq__next_dist_0maxcm2._.js:2477
[ 1786576ms] [LOG] [HMR] connected @ http://localhost:3400/_next/static/chunks/0aq__next_dist_0maxcm2._.js:2477
